I'm sorry, but errors were detected in your script. Please correct the
errors listed below, and try again.


File "game/script.rpy", line 132: Line is indented, but the preceding define statement statement does not expect a block. Please check this line's indentation.
    $pname = renpy.input("So what should we call you?")
    ^

Ren'Py Version: Ren'Py 7.0.0.196
Sun Jul 08 13:54:39 2018
